// Jest Snapshot v1, https://goo.gl/fbAQLP

exports[`Transpiler transpiles correctly a basic datatmodel 1`] = `
"
scalar DateTime

scalar Long

\\"\\"\\"An object with an ID\\"\\"\\"
interface Node {
  \\"\\"\\"The id of the object.\\"\\"\\"
  id: ID!
}


type User implements Node {
	id: ID
	name: STRING
}
  "
`;
